Aug 04, 2026 2:03:17 P.M. ca.senecacollege.malibuluminahotel.util.LoggerConfig configure
INFO: File logging configured: system_logs.%g.log
Aug 04, 2026 2:07:05 P.M. ca.senecacollege.malibuluminahotel.util.LoggerConfig configure
INFO: File logging configured: system_logs.%g.log
Aug 04, 2026 2:07:55 P.M. ca.senecacollege.malibuluminahotel.util.LoggerConfig configure
INFO: File logging configured: system_logs.%g.log
Aug 04, 2026 2:09:29 P.M. ca.senecacollege.malibuluminahotel.services.LoyaltyService enrollGuest
INFO: Guest 1 enrolled in loyalty program with member number: ML00000001
Aug 05, 2026 6:55:44 P.M. ca.senecacollege.malibuluminahotel.util.LoggerConfig configure
INFO: File logging configured: system_logs.%g.log
Aug 05, 2026 6:55:49 P.M. javafx.fxml.FXMLLoader$ValueElement processValue
WARNING: Loading FXML document with JavaFX API of version 26 by JavaFX runtime of version 21.0.6
Aug 05, 2026 6:57:12 P.M. ca.senecacollege.malibuluminahotel.util.LoggerConfig configure
INFO: File logging configured: system_logs.%g.log
Aug 05, 2026 6:57:16 P.M. javafx.fxml.FXMLLoader$ValueElement processValue
WARNING: Loading FXML document with JavaFX API of version 26 by JavaFX runtime of version 21.0.6
Aug 06, 2026 12:26:22 A.M. ca.senecacollege.malibuluminahotel.util.LoggerConfig configure
INFO: File logging configured: system_logs.%g.log
Aug 06, 2026 12:26:56 A.M. javafx.fxml.FXMLLoader$ValueElement processValue
WARNING: Loading FXML document with JavaFX API of version 26 by JavaFX runtime of version 21.0.6
Aug 06, 2026 10:41:16 A.M. ca.senecacollege.malibuluminahotel.util.LoggerConfig configure
INFO: File logging configured: system_logs.%g.log
Aug 06, 2026 10:51:37 A.M. ca.senecacollege.malibuluminahotel.util.LoggerConfig configure
INFO: File logging configured: system_logs.%g.log
Aug 06, 2026 11:01:06 A.M. ca.senecacollege.malibuluminahotel.util.LoggerConfig configure
INFO: File logging configured: system_logs.%g.log
Aug 06, 2026 11:01:09 A.M. javafx.fxml.FXMLLoader$ValueElement processValue
WARNING: Loading FXML document with JavaFX API of version 26 by JavaFX runtime of version 21.0.6
Aug 06, 2026 11:01:18 A.M. ca.senecacollege.malibuluminahotel.controller.AdminLoyaltyController loadLoyaltyAccounts
SEVERE: Failed to load loyalty accounts: could not initialize proxy [ca.senecacollege.malibuluminahotel.models.Guest#1] - no Session
Aug 06, 2026 11:03:29 A.M. ca.senecacollege.malibuluminahotel.util.LoggerConfig configure
INFO: File logging configured: system_logs.%g.log
Aug 06, 2026 11:03:39 A.M. ca.senecacollege.malibuluminahotel.controller.AdminLoyaltyController loadLoyaltyAccounts
INFO: Loaded 1 loyalty accounts
Aug 06, 2026 11:03:39 A.M. javafx.scene.control.cell.PropertyValueFactory getCellDataReflectively
WARNING: Can not retrieve property 'memberNumber' in PropertyValueFactory: javafx.scene.control.cell.PropertyValueFactory@7a761251 with provided class type: class ca.senecacollege.malibuluminahotel.controller.AdminLoyaltyController$LoyaltyAccountDisplay
java.lang.RuntimeException: java.lang.IllegalAccessException: module javafx.base cannot access class ca.senecacollege.malibuluminahotel.controller.AdminLoyaltyController$LoyaltyAccountDisplay (in module ca.senecacollege.malibuluminahotel) because module ca.senecacollege.malibuluminahotel does not open ca.senecacollege.malibuluminahotel.controller to javafx.base
	at javafx.base@21.0.6/com.sun.javafx.property.PropertyReference.get(PropertyReference.java:173)
	at javafx.controls@21.0.6/javafx.scene.control.cell.PropertyValueFactory.getCellDataReflectively(PropertyValueFactory.java:183)
	at javafx.controls@21.0.6/javafx.scene.control.cell.PropertyValueFactory.call(PropertyValueFactory.java:153)
	at javafx.controls@21.0.6/javafx.scene.control.cell.PropertyValueFactory.call(PropertyValueFactory.java:132)
	at javafx.controls@21.0.6/javafx.scene.control.TableColumn.getCellObservableValue(TableColumn.java:592)
	at javafx.controls@21.0.6/javafx.scene.control.TableColumn.getCellObservableValue(TableColumn.java:577)
	at javafx.controls@21.0.6/javafx.scene.control.TableCell.updateItem(TableCell.java:681)
	at javafx.controls@21.0.6/javafx.scene.control.TableCell.indexChanged(TableCell.java:485)
	at javafx.controls@21.0.6/javafx.scene.control.IndexedCell$1.invalidated(IndexedCell.java:85)
	at javafx.base@21.0.6/javafx.beans.property.IntegerPropertyBase.markInvalid(IntegerPropertyBase.java:113)
	at javafx.base@21.0.6/javafx.beans.property.IntegerPropertyBase.set(IntegerPropertyBase.java:148)
	at javafx.controls@21.0.6/javafx.scene.control.IndexedCell.updateIndex(IndexedCell.java:130)
	at javafx.controls@21.0.6/javafx.scene.control.skin.TableRowSkinBase.updateCells(TableRowSkinBase.java:525)
	at javafx.controls@21.0.6/javafx.scene.control.skin.TableRowSkinBase.<init>(TableRowSkinBase.java:155)
	at javafx.controls@21.0.6/javafx.scene.control.skin.TableRowSkin.<init>(TableRowSkin.java:81)
	at javafx.controls@21.0.6/javafx.scene.control.TableRow.createDefaultSkin(TableRow.java:213)
	at javafx.controls@21.0.6/javafx.scene.control.Control.doProcessCSS(Control.java:910)
	at javafx.controls@21.0.6/javafx.scene.control.Control$1.doProcessCSS(Control.java:88)
	at javafx.controls@21.0.6/com.sun.javafx.scene.control.ControlHelper.processCSSImpl(ControlHelper.java:68)
	at javafx.graphics@21.0.6/com.sun.javafx.scene.NodeHelper.processCSS(NodeHelper.java:147)
	at javafx.graphics@21.0.6/javafx.scene.Parent.doProcessCSS(Parent.java:1401)
	at javafx.graphics@21.0.6/javafx.scene.Parent$1.doProcessCSS(Parent.java:125)
	at javafx.graphics@21.0.6/com.sun.javafx.scene.ParentHelper.processCSSImpl(ParentHelper.java:98)
	at javafx.graphics@21.0.6/com.sun.javafx.scene.NodeHelper.processCSS(NodeHelper.java:147)
	at javafx.graphics@21.0.6/javafx.scene.Parent.doProcessCSS(Parent.java:1401)
	at javafx.graphics@21.0.6/javafx.scene.Parent$1.doProcessCSS(Parent.java:125)
	at javafx.graphics@21.0.6/com.sun.javafx.scene.ParentHelper.processCSSImpl(ParentHelper.java:98)
	at javafx.graphics@21.0.6/com.sun.javafx.scene.NodeHelper.processCSS(NodeHelper.java:147)
	at javafx.graphics@21.0.6/javafx.scene.Node.processCSS(Node.java:9555)
	at javafx.graphics@21.0.6/javafx.scene.Node.applyCss(Node.java:9642)
	at javafx.controls@21.0.6/javafx.scene.control.skin.VirtualFlow.setCellIndex(VirtualFlow.java:1820)
	at javafx.controls@21.0.6/javafx.scene.control.skin.VirtualFlow.getCell(VirtualFlow.java:1797)
	at javafx.controls@21.0.6/javafx.scene.control.skin.VirtualFlow.getOrCreateCellSize(VirtualFlow.java:3069)
	at javafx.controls@21.0.6/javafx.scene.control.skin.VirtualFlow.getOrCreateCellSize(VirtualFlow.java:3041)
	at javafx.controls@21.0.6/javafx.scene.control.skin.VirtualFlow$5.invalidated(VirtualFlow.java:865)
	at javafx.base@21.0.6/javafx.beans.property.IntegerPropertyBase.markInvalid(IntegerPropertyBase.java:113)
	at javafx.base@21.0.6/javafx.beans.property.IntegerPropertyBase.set(IntegerPropertyBase.java:148)
	at javafx.controls@21.0.6/javafx.scene.control.skin.VirtualFlow.setCellCount(VirtualFlow.java:912)
	at javafx.controls@21.0.6/javafx.scene.control.skin.TableViewSkinBase.updateItemCount(TableViewSkinBase.java:580)
	at javafx.controls@21.0.6/javafx.scene.control.skin.TableViewSkin.<init>(TableViewSkin.java:123)
	at javafx.controls@21.0.6/javafx.scene.control.TableView.createDefaultSkin(TableView.java:1671)
	at javafx.controls@21.0.6/javafx.scene.control.Control.doProcessCSS(Control.java:910)
	at javafx.controls@21.0.6/javafx.scene.control.Control$1.doProcessCSS(Control.java:88)
	at javafx.controls@21.0.6/com.sun.javafx.scene.control.ControlHelper.processCSSImpl(ControlHelper.java:68)
	at javafx.graphics@21.0.6/com.sun.javafx.scene.NodeHelper.processCSS(NodeHelper.java:147)
	at javafx.graphics@21.0.6/javafx.scene.Parent.doProcessCSS(Parent.java:1401)
	at javafx.graphics@21.0.6/javafx.scene.Parent$1.doProcessCSS(Parent.java:125)
	at javafx.graphics@21.0.6/com.sun.javafx.scene.ParentHelper.processCSSImpl(ParentHelper.java:98)
	at javafx.graphics@21.0.6/com.sun.javafx.scene.NodeHelper.processCSS(NodeHelper.java:147)
	at javafx.graphics@21.0.6/javafx.scene.Parent.doProcessCSS(Parent.java:1401)
	at javafx.graphics@21.0.6/javafx.scene.Parent$1.doProcessCSS(Parent.java:125)
	at javafx.graphics@21.0.6/com.sun.javafx.scene.ParentHelper.processCSSImpl(ParentHelper.java:98)
	at javafx.graphics@21.0.6/com.sun.javafx.scene.NodeHelper.processCSS(NodeHelper.java:147)
	at javafx.graphics@21.0.6/javafx.scene.Parent.doProcessCSS(Parent.java:1401)
	at javafx.graphics@21.0.6/javafx.scene.Parent$1.doProcessCSS(Parent.java:125)
	at javafx.graphics@21.0.6/com.sun.javafx.scene.ParentHelper.processCSSImpl(ParentHelper.java:98)
	at javafx.graphics@21.0.6/com.sun.javafx.scene.NodeHelper.processCSS(NodeHelper.java:147)
	at javafx.graphics@21.0.6/javafx.scene.Node.processCSS(Node.java:9555)
	at javafx.graphics@21.0.6/javafx.scene.Scene.doCSSPass(Scene.java:587)
	at javafx.graphics@21.0.6/javafx.scene.Scene.preferredSize(Scene.java:1786)
	at javafx.graphics@21.0.6/javafx.scene.Scene$2.preferredSize(Scene.java:411)
	at javafx.graphics@21.0.6/com.sun.javafx.scene.SceneHelper.preferredSize(SceneHelper.java:65)
	at javafx.graphics@21.0.6/javafx.stage.Window$SceneModel.invalidated(Window.java:867)
	at javafx.base@21.0.6/javafx.beans.property.ObjectPropertyBase.markInvalid(ObjectPropertyBase.java:112)
	at javafx.base@21.0.6/javafx.beans.property.ObjectPropertyBase.set(ObjectPropertyBase.java:147)
	at javafx.graphics@21.0.6/javafx.stage.Window.setScene(Window.java:823)
	at javafx.graphics@21.0.6/javafx.stage.Stage.setScene(Stage.java:270)
	at ca.senecacollege.malibuluminahotel/ca.senecacollege.malibuluminahotel.app.SceneNavigator.switchScene(SceneNavigator.java:28)
	at ca.senecacollege.malibuluminahotel/ca.senecacollege.malibuluminahotel.controller.AdminDashboardController.handleLoyaltyProgram(AdminDashboardController.java:99)
	at java.base/jdk.internal.reflect.DirectMethodHandleAccessor.invoke(DirectMethodHandleAccessor.java:104)
	at java.base/java.lang.reflect.Method.invoke(Method.java:565)
	at com.sun.javafx.reflect.Trampoline.invoke(MethodUtil.java:72)
	at java.base/jdk.internal.reflect.DirectMethodHandleAccessor.invoke(DirectMethodHandleAccessor.java:104)
	at java.base/java.lang.reflect.Method.invoke(Method.java:565)
	at javafx.base@21.0.6/com.sun.javafx.reflect.MethodUtil.invoke(MethodUtil.java:270)
	at javafx.fxml@21.0.6/com.sun.javafx.fxml.MethodHelper.invoke(MethodHelper.java:84)
	at javafx.fxml@21.0.6/javafx.fxml.FXMLLoader$MethodHandler.invoke(FXMLLoader.java:1853)
	at javafx.fxml@21.0.6/javafx.fxml.FXMLLoader$ControllerMethodEventHandler.handle(FXMLLoader.java:1726)
	at javafx.base@21.0.6/com.sun.javafx.event.CompositeEventHandler.dispatchBubblingEvent(CompositeEventHandler.java:86)
	at javafx.base@21.0.6/com.sun.javafx.event.EventHandlerManager.dispatchBubblingEvent(EventHandlerManager.java:232)
	at javafx.base@21.0.6/com.sun.javafx.event.EventHandlerManager.dispatchBubblingEvent(EventHandlerManager.java:189)
	at javafx.base@21.0.6/com.sun.javafx.event.CompositeEventDispatcher.dispatchBubblingEvent(CompositeEventDispatcher.java:59)
	at javafx.base@21.0.6/com.sun.javafx.event.BasicEventDispatcher.dispatchEvent(BasicEventDispatcher.java:58)
	at javafx.base@21.0.6/com.sun.javafx.event.EventDispatchChainImpl.dispatchEvent(EventDispatchChainImpl.java:114)
	at javafx.base@21.0.6/com.sun.javafx.event.BasicEventDispatcher.dispatchEvent(BasicEventDispatcher.java:56)
	at javafx.base@21.0.6/com.sun.javafx.event.EventDispatchChainImpl.dispatchEvent(EventDispatchChainImpl.java:114)
	at javafx.base@21.0.6/com.sun.javafx.event.BasicEventDispatcher.dispatchEvent(BasicEventDispatcher.java:56)
	at javafx.base@21.0.6/com.sun.javafx.event.EventDispatchChainImpl.dispatchEvent(EventDispatchChainImpl.java:114)
	at javafx.base@21.0.6/com.sun.javafx.event.EventUtil.fireEventImpl(EventUtil.java:74)
	at javafx.base@21.0.6/com.sun.javafx.event.EventUtil.fireEvent(EventUtil.java:49)
	at javafx.base@21.0.6/javafx.event.Event.fireEvent(Event.java:198)
	at javafx.graphics@21.0.6/javafx.scene.Node.fireEvent(Node.java:8875)
	at javafx.controls@21.0.6/javafx.scene.control.Button.fire(Button.java:203)
	at javafx.controls@21.0.6/com.sun.javafx.scene.control.behavior.ButtonBehavior.mouseReleased(ButtonBehavior.java:207)
	at javafx.controls@21.0.6/com.sun.javafx.scene.control.inputmap.InputMap.handle(InputMap.java:274)
	at javafx.base@21.0.6/com.sun.javafx.event.CompositeEventHandler$NormalEventHandlerRecord.handleBubblingEvent(CompositeEventHandler.java:247)
	at javafx.base@21.0.6/com.sun.javafx.event.CompositeEventHandler.dispatchBubblingEvent(CompositeEventHandler.java:80)
	at javafx.base@21.0.6/com.sun.javafx.event.EventHandlerManager.dispatchBubblingEvent(EventHandlerManager.java:232)
	at javafx.base@21.0.6/com.sun.javafx.event.EventHandlerManager.dispatchBubblingEvent(EventHandlerManager.java:189)
	at javafx.base@21.0.6/com.sun.javafx.event.CompositeEventDispatcher.dispatchBubblingEvent(CompositeEventDispatcher.java:59)
	at javafx.base@21.0.6/com.sun.javafx.event.BasicEventDispatcher.dispatchEvent(BasicEventDispatcher.java:58)
	at javafx.base@21.0.6/com.sun.javafx.event.EventDispatchChainImpl.dispatchEvent(EventDispatchChainImpl.java:114)
	at javafx.base@21.0.6/com.sun.javafx.event.BasicEventDispatcher.dispatchEvent(BasicEventDispatcher.java:56)
	at javafx.base@21.0.6/com.sun.javafx.event.EventDispatchChainImpl.dispatchEvent(EventDispatchChainImpl.java:114)
	at javafx.base@21.0.6/com.sun.javafx.event.BasicEventDispatcher.dispatchEvent(BasicEventDispatcher.java:56)
	at javafx.base@21.0.6/com.sun.javafx.event.EventDispatchChainImpl.dispatchEvent(EventDispatchChainImpl.java:114)
	at javafx.base@21.0.6/com.sun.javafx.event.EventUtil.fireEventImpl(EventUtil.java:74)
	at javafx.base@21.0.6/com.sun.javafx.event.EventUtil.fireEvent(EventUtil.java:54)
	at javafx.base@21.0.6/javafx.event.Event.fireEvent(Event.java:198)
	at javafx.graphics@21.0.6/javafx.scene.Scene$MouseHandler.process(Scene.java:3984)
	at javafx.graphics@21.0.6/javafx.scene.Scene.processMouseEvent(Scene.java:1890)
	at javafx.graphics@21.0.6/javafx.scene.Scene$ScenePeerListener.mouseEvent(Scene.java:2708)
	at javafx.graphics@21.0.6/com.sun.javafx.tk.quantum.GlassViewEventHandler$MouseEventNotification.run(GlassViewEventHandler.java:411)
	at javafx.graphics@21.0.6/com.sun.javafx.tk.quantum.GlassViewEventHandler$MouseEventNotification.run(GlassViewEventHandler.java:301)
	at java.base/java.security.AccessController.doPrivileged(AccessController.java:138)
	at javafx.graphics@21.0.6/com.sun.javafx.tk.quantum.GlassViewEventHandler.lambda$handleMouseEvent$2(GlassViewEventHandler.java:450)
	at javafx.graphics@21.0.6/com.sun.javafx.tk.quantum.QuantumToolkit.runWithoutRenderLock(QuantumToolkit.java:424)
	at javafx.graphics@21.0.6/com.sun.javafx.tk.quantum.GlassViewEventHandler.handleMouseEvent(GlassViewEventHandler.java:449)
	at javafx.graphics@21.0.6/com.sun.glass.ui.View.handleMouseEvent(View.java:551)
	at javafx.graphics@21.0.6/com.sun.glass.ui.View.notifyMouse(View.java:937)
	at javafx.graphics@21.0.6/com.sun.glass.ui.mac.MacView.notifyMouse(MacView.java:127)
Caused by: java.lang.IllegalAccessException: module javafx.base cannot access class ca.senecacollege.malibuluminahotel.controller.AdminLoyaltyController$LoyaltyAccountDisplay (in module ca.senecacollege.malibuluminahotel) because module ca.senecacollege.malibuluminahotel does not open ca.senecacollege.malibuluminahotel.controller to javafx.base
	at javafx.base@21.0.6/com.sun.javafx.property.MethodHelper.invoke(MethodHelper.java:70)
	at javafx.base@21.0.6/com.sun.javafx.property.PropertyReference.get(PropertyReference.java:171)
	... 120 more

Aug 06, 2026 11:03:39 A.M. javafx.scene.control.cell.PropertyValueFactory getCellDataReflectively
WARNING: Can not retrieve property 'guestName' in PropertyValueFactory: javafx.scene.control.cell.PropertyValueFactory@182ab5 with provided class type: class ca.senecacollege.malibuluminahotel.controller.AdminLoyaltyController$LoyaltyAccountDisplay
java.lang.RuntimeException: java.lang.IllegalAccessException: module javafx.base cannot access class ca.senecacollege.malibuluminahotel.controller.AdminLoyaltyController$LoyaltyAccountDisplay (in module ca.senecacollege.malibuluminahotel) because module ca.senecacollege.malibuluminahotel does not open ca.senecacollege.malibuluminahotel.controller to javafx.base
	at javafx.base@21.0.6/com.sun.javafx.property.PropertyReference.get(PropertyReference.java:173)
	at javafx.controls@21.0.6/javafx.scene.control.cell.PropertyValueFactory.getCellDataReflectively(PropertyValueFactory.java:183)
	at javafx.controls@21.0.6/javafx.scene.control.cell.PropertyValueFactory.call(PropertyValueFactory.java:153)
	at javafx.controls@21.0.6/javafx.scene.control.cell.PropertyValueFactory.call(PropertyValueFactory.java:132)
	at javafx.controls@21.0.6/javafx.scene.control.TableColumn.getCellObservableValue(TableColumn.java:592)
	at javafx.controls@21.0.6/javafx.scene.control.TableColumn.getCellObservableValue(TableColumn.java:577)
	at javafx.controls@21.0.6/javafx.scene.control.TableCell.updateItem(TableCell.java:681)
	at javafx.controls@21.0.6/javafx.scene.control.TableCell.indexChanged(TableCell.java:485)
	at javafx.controls@21.0.6/javafx.scene.control.IndexedCell$1.invalidated(IndexedCell.java:85)
	at javafx.base@21.0.6/javafx.beans.property.IntegerPropertyBase.markInvalid(IntegerPropertyBase.java:113)
	at javafx.base@21.0.6/javafx.beans.property.IntegerPropertyBase.set(IntegerPropertyBase.java:148)
	at javafx.controls@21.0.6/javafx.scene.control.IndexedCell.updateIndex(IndexedCell.java:130)
	at javafx.controls@21.0.6/javafx.scene.control.skin.TableRowSkinBase.updateCells(TableRowSkinBase.java:525)
	at javafx.controls@21.0.6/javafx.scene.control.skin.TableRowSkinBase.<init>(TableRowSkinBase.java:155)
	at javafx.controls@21.0.6/javafx.scene.control.skin.TableRowSkin.<init>(TableRowSkin.java:81)
	at javafx.controls@21.0.6/javafx.scene.control.TableRow.createDefaultSkin(TableRow.java:213)
	at javafx.controls@21.0.6/javafx.scene.control.Control.doProcessCSS(Control.java:910)
	at javafx.controls@21.0.6/javafx.scene.control.Control$1.doProcessCSS(Control.java:88)
	at javafx.controls@21.0.6/com.sun.javafx.scene.control.ControlHelper.processCSSImpl(ControlHelper.java:68)
	at javafx.graphics@21.0.6/com.sun.javafx.scene.NodeHelper.processCSS(NodeHelper.java:147)
	at javafx.graphics@21.0.6/javafx.scene.Parent.doProcessCSS(Parent.java:1401)
	at javafx.graphics@21.0.6/javafx.scene.Parent$1.doProcessCSS(Parent.java:125)
	at javafx.graphics@21.0.6/com.sun.javafx.scene.ParentHelper.processCSSImpl(ParentHelper.java:98)
	at javafx.graphics@21.0.6/com.sun.javafx.scene.NodeHelper.processCSS(NodeHelper.java:147)
	at javafx.graphics@21.0.6/javafx.scene.Parent.doProcessCSS(Parent.java:1401)
	at javafx.graphics@21.0.6/javafx.scene.Parent$1.doProcessCSS(Parent.java:125)
	at javafx.graphics@21.0.6/com.sun.javafx.scene.ParentHelper.processCSSImpl(ParentHelper.java:98)
	at javafx.graphics@21.0.6/com.sun.javafx.scene.NodeHelper.processCSS(NodeHelper.java:147)
	at javafx.graphics@21.0.6/javafx.scene.Node.processCSS(Node.java:9555)
	at javafx.graphics@21.0.6/javafx.scene.Node.applyCss(Node.java:9642)
	at javafx.controls@21.0.6/javafx.scene.control.skin.VirtualFlow.setCellIndex(VirtualFlow.java:1820)
	at javafx.controls@21.0.6/javafx.scene.control.skin.VirtualFlow.getCell(VirtualFlow.java:1797)
	at javafx.controls@21.0.6/javafx.scene.control.skin.VirtualFlow.getOrCreateCellSize(VirtualFlow.java:3069)
	at javafx.controls@21.0.6/javafx.scene.control.skin.VirtualFlow.getOrCreateCellSize(VirtualFlow.java:3041)
	at javafx.controls@21.0.6/javafx.scene.control.skin.VirtualFlow$5.invalidated(VirtualFlow.java:865)
	at javafx.base@21.0.6/javafx.beans.property.IntegerPropertyBase.markInvalid(IntegerPropertyBase.java:113)
	at javafx.base@21.0.6/javafx.beans.property.IntegerPropertyBase.set(IntegerPropertyBase.java:148)
	at javafx.controls@21.0.6/javafx.scene.control.skin.VirtualFlow.setCellCount(VirtualFlow.java:912)
	at javafx.controls@21.0.6/javafx.scene.control.skin.TableViewSkinBase.updateItemCount(TableViewSkinBase.java:580)
	at javafx.controls@21.0.6/javafx.scene.control.skin.TableViewSkin.<init>(TableViewSkin.java:123)
	at javafx.controls@21.0.6/javafx.scene.control.TableView.createDefaultSkin(TableView.java:1671)
	at javafx.controls@21.0.6/javafx.scene.control.Control.doProcessCSS(Control.java:910)
	at javafx.controls@21.0.6/javafx.scene.control.Control$1.doProcessCSS(Control.java:88)
	at javafx.controls@21.0.6/com.sun.javafx.scene.control.ControlHelper.processCSSImpl(ControlHelper.java:68)
	at javafx.graphics@21.0.6/com.sun.javafx.scene.NodeHelper.processCSS(NodeHelper.java:147)
	at javafx.graphics@21.0.6/javafx.scene.Parent.doProcessCSS(Parent.java:1401)
	at javafx.graphics@21.0.6/javafx.scene.Parent$1.doProcessCSS(Parent.java:125)
	at javafx.graphics@21.0.6/com.sun.javafx.scene.ParentHelper.processCSSImpl(ParentHelper.java:98)
	at javafx.graphics@21.0.6/com.sun.javafx.scene.NodeHelper.processCSS(NodeHelper.java:147)
	at javafx.graphics@21.0.6/javafx.scene.Parent.doProcessCSS(Parent.java:1401)
	at javafx.graphics@21.0.6/javafx.scene.Parent$1.doProcessCSS(Parent.java:125)
	at javafx.graphics@21.0.6/com.sun.javafx.scene.ParentHelper.processCSSImpl(ParentHelper.java:98)
	at javafx.graphics@21.0.6/com.sun.javafx.scene.NodeHelper.processCSS(NodeHelper.java:147)
	at javafx.graphics@21.0.6/javafx.scene.Parent.doProcessCSS(Parent.java:1401)
	at javafx.graphics@21.0.6/javafx.scene.Parent$1.doProcessCSS(Parent.java:125)
	at javafx.graphics@21.0.6/com.sun.javafx.scene.ParentHelper.processCSSImpl(ParentHelper.java:98)
	at javafx.graphics@21.0.6/com.sun.javafx.scene.NodeHelper.processCSS(NodeHelper.java:147)
	at javafx.graphics@21.0.6/javafx.scene.Node.processCSS(Node.java:9555)
	at javafx.graphics@21.0.6/javafx.scene.Scene.doCSSPass(Scene.java:587)
	at javafx.graphics@21.0.6/javafx.scene.Scene.preferredSize(Scene.java:1786)
	at javafx.graphics@21.0.6/javafx.scene.Scene$2.preferredSize(Scene.java:411)
	at javafx.graphics@21.0.6/com.sun.javafx.scene.SceneHelper.preferredSize(SceneHelper.java:65)
	at javafx.graphics@21.0.6/javafx.stage.Window$SceneModel.invalidated(Window.java:867)
	at javafx.base@21.0.6/javafx.beans.property.ObjectPropertyBase.markInvalid(ObjectPropertyBase.java:112)
	at javafx.base@21.0.6/javafx.beans.property.ObjectPropertyBase.set(ObjectPropertyBase.java:147)
	at javafx.graphics@21.0.6/javafx.stage.Window.setScene(Window.java:823)
	at javafx.graphics@21.0.6/javafx.stage.Stage.setScene(Stage.java:270)
	at ca.senecacollege.malibuluminahotel/ca.senecacollege.malibuluminahotel.app.SceneNavigator.switchScene(SceneNavigator.java:28)
	at ca.senecacollege.malibuluminahotel/ca.senecacollege.malibuluminahotel.controller.AdminDashboardController.handleLoyaltyProgram(AdminDashboardController.java:99)
	at java.base/jdk.internal.reflect.DirectMethodHandleAccessor.invoke(DirectMethodHandleAccessor.java:104)
	at java.base/java.lang.reflect.Method.invoke(Method.java:565)
	at com.sun.javafx.reflect.Trampoline.invoke(MethodUtil.java:72)
	at java.base/jdk.internal.reflect.DirectMethodHandleAccessor.invoke(DirectMethodHandleAccessor.java:104)
	at java.base/java.lang.reflect.Method.invoke(Method.java:565)
	at javafx.base@21.0.6/com.sun.javafx.reflect.MethodUtil.invoke(MethodUtil.java:270)
	at javafx.fxml@21.0.6/com.sun.javafx.fxml.MethodHelper.invoke(MethodHelper.java:84)
	at javafx.fxml@21.0.6/javafx.fxml.FXMLLoader$MethodHandler.invoke(FXMLLoader.java:1853)
	at javafx.fxml@21.0.6/javafx.fxml.FXMLLoader$ControllerMethodEventHandler.handle(FXMLLoader.java:1726)
	at javafx.base@21.0.6/com.sun.javafx.event.CompositeEventHandler.dispatchBubblingEvent(CompositeEventHandler.java:86)
	at javafx.base@21.0.6/com.sun.javafx.event.EventHandlerManager.dispatchBubblingEvent(EventHandlerManager.java:232)
	at javafx.base@21.0.6/com.sun.javafx.event.EventHandlerManager.dispatchBubblingEvent(EventHandlerManager.java:189)
	at javafx.base@21.0.6/com.sun.javafx.event.CompositeEventDispatcher.dispatchBubblingEvent(CompositeEventDispatcher.java:59)
	at javafx.base@21.0.6/com.sun.javafx.event.BasicEventDispatcher.dispatchEvent(BasicEventDispatcher.java:58)
	at javafx.base@21.0.6/com.sun.javafx.event.EventDispatchChainImpl.dispatchEvent(EventDispatchChainImpl.java:114)
	at javafx.base@21.0.6/com.sun.javafx.event.BasicEventDispatcher.dispatchEvent(BasicEventDispatcher.java:56)
	at javafx.base@21.0.6/com.sun.javafx.event.EventDispatchChainImpl.dispatchEvent(EventDispatchChainImpl.java:114)
	at javafx.base@21.0.6/com.sun.javafx.event.BasicEventDispatcher.dispatchEvent(BasicEventDispatcher.java:56)
	at javafx.base@21.0.6/com.sun.javafx.event.EventDispatchChainImpl.dispatchEvent(EventDispatchChainImpl.java:114)
	at javafx.base@21.0.6/com.sun.javafx.event.EventUtil.fireEventImpl(EventUtil.java:74)
	at javafx.base@21.0.6/com.sun.javafx.event.EventUtil.fireEvent(EventUtil.java:49)
	at javafx.base@21.0.6/javafx.event.Event.fireEvent(Event.java:198)
	at javafx.graphics@21.0.6/javafx.scene.Node.fireEvent(Node.java:8875)
	at javafx.controls@21.0.6/javafx.scene.control.Button.fire(Button.java:203)
	at javafx.controls@21.0.6/com.sun.javafx.scene.control.behavior.ButtonBehavior.mouseReleased(ButtonBehavior.java:207)
	at javafx.controls@21.0.6/com.sun.javafx.scene.control.inputmap.InputMap.handle(InputMap.java:274)
	at javafx.base@21.0.6/com.sun.javafx.event.CompositeEventHandler$NormalEventHandlerRecord.handleBubblingEvent(CompositeEventHandler.java:247)
	at javafx.base@21.0.6/com.sun.javafx.event.CompositeEventHandler.dispatchBubblingEvent(CompositeEventHandler.java:80)
	at javafx.base@21.0.6/com.sun.javafx.event.EventHandlerManager.dispatchBubblingEvent(EventHandlerManager.java:232)
	at javafx.base@21.0.6/com.sun.javafx.event.EventHandlerManager.dispatchBubblingEvent(EventHandlerManager.java:189)
	at javafx.base@21.0.6/com.sun.javafx.event.CompositeEventDispatcher.dispatchBubblingEvent(CompositeEventDispatcher.java:59)
	at javafx.base@21.0.6/com.sun.javafx.event.BasicEventDispatcher.dispatchEvent(BasicEventDispatcher.java:58)
	at javafx.base@21.0.6/com.sun.javafx.event.EventDispatchChainImpl.dispatchEvent(EventDispatchChainImpl.java:114)
	at javafx.base@21.0.6/com.sun.javafx.event.BasicEventDispatcher.dispatchEvent(BasicEventDispatcher.java:56)
	at javafx.base@21.0.6/com.sun.javafx.event.EventDispatchChainImpl.dispatchEvent(EventDispatchChainImpl.java:114)
	at javafx.base@21.0.6/com.sun.javafx.event.BasicEventDispatcher.dispatchEvent(BasicEventDispatcher.java:56)
	at javafx.base@21.0.6/com.sun.javafx.event.EventDispatchChainImpl.dispatchEvent(EventDispatchChainImpl.java:114)
	at javafx.base@21.0.6/com.sun.javafx.event.EventUtil.fireEventImpl(EventUtil.java:74)
	at javafx.base@21.0.6/com.sun.javafx.event.EventUtil.fireEvent(EventUtil.java:54)
	at javafx.base@21.0.6/javafx.event.Event.fireEvent(Event.java:198)
	at javafx.graphics@21.0.6/javafx.scene.Scene$MouseHandler.process(Scene.java:3984)
	at javafx.graphics@21.0.6/javafx.scene.Scene.processMouseEvent(Scene.java:1890)
	at javafx.graphics@21.0.6/javafx.scene.Scene$ScenePeerListener.mouseEvent(Scene.java:2708)
	at javafx.graphics@21.0.6/com.sun.javafx.tk.quantum.GlassViewEventHandler$MouseEventNotification.run(GlassViewEventHandler.java:411)
	at javafx.graphics@21.0.6/com.sun.javafx.tk.quantum.GlassViewEventHandler$MouseEventNotification.run(GlassViewEventHandler.java:301)
	at java.base/java.security.AccessController.doPrivileged(AccessController.java:138)
	at javafx.graphics@21.0.6/com.sun.javafx.tk.quantum.GlassViewEventHandler.lambda$handleMouseEvent$2(GlassViewEventHandler.java:450)
	at javafx.graphics@21.0.6/com.sun.javafx.tk.quantum.QuantumToolkit.runWithoutRenderLock(QuantumToolkit.java:424)
	at javafx.graphics@21.0.6/com.sun.javafx.tk.quantum.GlassViewEventHandler.handleMouseEvent(GlassViewEventHandler.java:449)
	at javafx.graphics@21.0.6/com.sun.glass.ui.View.handleMouseEvent(View.java:551)
	at javafx.graphics@21.0.6/com.sun.glass.ui.View.notifyMouse(View.java:937)
	at javafx.graphics@21.0.6/com.sun.glass.ui.mac.MacView.notifyMouse(MacView.java:127)
Caused by: java.lang.IllegalAccessException: module javafx.base cannot access class ca.senecacollege.malibuluminahotel.controller.AdminLoyaltyController$LoyaltyAccountDisplay (in module ca.senecacollege.malibuluminahotel) because module ca.senecacollege.malibuluminahotel does not open ca.senecacollege.malibuluminahotel.controller to javafx.base
	at javafx.base@21.0.6/com.sun.javafx.property.MethodHelper.invoke(MethodHelper.java:70)
	at javafx.base@21.0.6/com.sun.javafx.property.PropertyReference.get(PropertyReference.java:171)
	... 120 more

Aug 06, 2026 11:03:39 A.M. javafx.scene.control.cell.PropertyValueFactory getCellDataReflectively
WARNING: Can not retrieve property 'email' in PropertyValueFactory: javafx.scene.control.cell.PropertyValueFactory@6bb3b837 with provided class type: class ca.senecacollege.malibuluminahotel.controller.AdminLoyaltyController$LoyaltyAccountDisplay
java.lang.RuntimeException: java.lang.IllegalAccessException: module javafx.base cannot access class ca.senecacollege.malibuluminahotel.controller.AdminLoyaltyController$LoyaltyAccountDisplay (in module ca.senecacollege.malibuluminahotel) because module ca.senecacollege.malibuluminahotel does not open ca.senecacollege.malibuluminahotel.controller to javafx.base
	at javafx.base@21.0.6/com.sun.javafx.property.PropertyReference.get(PropertyReference.java:173)
	at javafx.controls@21.0.6/javafx.scene.control.cell.PropertyValueFactory.getCellDataReflectively(PropertyValueFactory.java:183)
	at javafx.controls@21.0.6/javafx.scene.control.cell.PropertyValueFactory.call(PropertyValueFactory.java:153)
	at javafx.controls@21.0.6/javafx.scene.control.cell.PropertyValueFactory.call(PropertyValueFactory.java:132)
	at javafx.controls@21.0.6/javafx.scene.control.TableColumn.getCellObservableValue(TableColumn.java:592)
	at javafx.controls@21.0.6/javafx.scene.control.TableColumn.getCellObservableValue(TableColumn.java:577)
	at javafx.controls@21.0.6/javafx.scene.control.TableCell.updateItem(TableCell.java:681)
	at javafx.controls@21.0.6/javafx.scene.control.TableCell.indexChanged(TableCell.java:485)
	at javafx.controls@21.0.6/javafx.scene.control.IndexedCell$1.invalidated(IndexedCell.java:85)
	at javafx.base@21.0.6/javafx.beans.property.IntegerPropertyBase.markInvalid(IntegerPropertyBase.java:113)
	at javafx.base@21.0.6/javafx.beans.property.IntegerPropertyBase.set(IntegerPropertyBase.java:148)
	at javafx.controls@21.0.6/javafx.scene.control.IndexedCell.updateIndex(IndexedCell.java:130)
	at javafx.controls@21.0.6/javafx.scene.control.skin.TableRowSkinBase.updateCells(TableRowSkinBase.java:525)
	at javafx.controls@21.0.6/javafx.scene.control.skin.TableRowSkinBase.<init>(TableRowSkinBase.java:155)
	at javafx.controls@21.0.6/javafx.scene.control.skin.TableRowSkin.<init>(TableRowSkin.java:81)
	at javafx.controls@21.0.6/javafx.scene.control.TableRow.createDefaultSkin(TableRow.java:213)
	at javafx.controls@21.0.6/javafx.scene.control.Control.doProcessCSS(Control.java:910)
	at javafx.controls@21.0.6/javafx.scene.control.Control$1.doProcessCSS(Control.java:88)
	at javafx.controls@21.0.6/com.sun.javafx.scene.control.ControlHelper.processCSSImpl(ControlHelper.java:68)
	at javafx.graphics@21.0.6/com.sun.javafx.scene.NodeHelper.processCSS(NodeHelper.java:147)
	at javafx.graphics@21.0.6/javafx.scene.Parent.doProcessCSS(Parent.java:1401)
	at javafx.graphics@21.0.6/javafx.scene.Parent$1.doProcessCSS(Parent.java:125)
	at javafx.graphics@21.0.6/com.sun.javafx.scene.ParentHelper.processCSSImpl(ParentHelper.java:98)
	at javafx.graphics@21.0.6/com.sun.javafx.scene.NodeHelper.processCSS(NodeHelper.java:147)
	at javafx.graphics@21.0.6/javafx.scene.Parent.doProcessCSS(Parent.java:1401)
	at javafx.graphics@21.0.6/javafx.scene.Parent$1.doProcessCSS(Parent.java:125)
	at javafx.graphics@21.0.6/com.sun.javafx.scene.ParentHelper.processCSSImpl(ParentHelper.java:98)
	at javafx.graphics@21.0.6/com.sun.javafx.scene.NodeHelper.processCSS(NodeHelper.java:147)
	at javafx.graphics@21.0.6/javafx.scene.Node.processCSS(Node.java:9555)
	at javafx.graphics@21.0.6/javafx.scene.Node.applyCss(Node.java:9642)
	at javafx.controls@21.0.6/javafx.scene.control.skin.VirtualFlow.setCellIndex(VirtualFlow.java:1820)
	at javafx.controls@21.0.6/javafx.scene.control.skin.VirtualFlow.getCell(VirtualFlow.java:1797)
	at javafx.controls@21.0.6/javafx.scene.control.skin.VirtualFlow.getOrCreateCellSize(VirtualFlow.java:3069)
	at javafx.controls@21.0.6/javafx.scene.control.skin.VirtualFlow.getOrCreateCellSize(VirtualFlow.java:3041)
	at javafx.controls@21.0.6/javafx.scene.control.skin.VirtualFlow$5.invalidated(VirtualFlow.java:865)
	at javafx.base@21.0.6/javafx.beans.property.IntegerPropertyBase.markInvalid(IntegerPropertyBase.java:113)
	at javafx.base@21.0.6/javafx.beans.property.IntegerPropertyBase.set(IntegerPropertyBase.java:148)
	at javafx.controls@21.0.6/javafx.scene.control.skin.VirtualFlow.setCellCount(VirtualFlow.java:912)
	at javafx.controls@21.0.6/javafx.scene.control.skin.TableViewSkinBase.updateItemCount(TableViewSkinBase.java:580)
	at javafx.controls@21.0.6/javafx.scene.control.skin.TableViewSkin.<init>(TableViewSkin.java:123)
	at javafx.controls@21.0.6/javafx.scene.control.TableView.createDefaultSkin(TableView.java:1671)
	at javafx.controls@21.0.6/javafx.scene.control.Control.doProcessCSS(Control.java:910)
	at javafx.controls@21.0.6/javafx.scene.control.Control$1.doProcessCSS(Control.java:88)
	at javafx.controls@21.0.6/com.sun.javafx.scene.control.ControlHelper.processCSSImpl(ControlHelper.java:68)
	at javafx.graphics@21.0.6/com.sun.javafx.scene.NodeHelper.processCSS(NodeHelper.java:147)
	at javafx.graphics@21.0.6/javafx.scene.Parent.doProcessCSS(Parent.java:1401)
	at javafx.graphics@21.0.6/javafx.scene.Parent$1.doProcessCSS(Parent.java:125)
	at javafx.graphics@21.0.6/com.sun.javafx.scene.ParentHelper.processCSSImpl(ParentHelper.java:98)
	at javafx.graphics@21.0.6/com.sun.javafx.scene.NodeHelper.processCSS(NodeHelper.java:147)
	at javafx.graphics@21.0.6/javafx.scene.Parent.doProcessCSS(Parent.java:1401)
	at javafx.graphics@21.0.6/javafx.scene.Parent$1.doProcessCSS(Parent.java:125)
	at javafx.graphics@21.0.6/com.sun.javafx.scene.ParentHelper.processCSSImpl(ParentHelper.java:98)
	at javafx.graphics@21.0.6/com.sun.javafx.scene.NodeHelper.processCSS(NodeHelper.java:147)
	at javafx.graphics@21.0.6/javafx.scene.Parent.doProcessCSS(Parent.java:1401)
	at javafx.graphics@21.0.6/javafx.scene.Parent$1.doProcessCSS(Parent.java:125)
	at javafx.graphics@21.0.6/com.sun.javafx.scene.ParentHelper.processCSSImpl(ParentHelper.java:98)
	at javafx.graphics@21.0.6/com.sun.javafx.scene.NodeHelper.processCSS(NodeHelper.java:147)
	at javafx.graphics@21.0.6/javafx.scene.Node.processCSS(Node.java:9555)
	at javafx.graphics@21.0.6/javafx.scene.Scene.doCSSPass(Scene.java:587)
	at javafx.graphics@21.0.6/javafx.scene.Scene.preferredSize(Scene.java:1786)
	at javafx.graphics@21.0.6/javafx.scene.Scene$2.preferredSize(Scene.java:411)
	at javafx.graphics@21.0.6/com.sun.javafx.scene.SceneHelper.preferredSize(SceneHelper.java:65)
	at javafx.graphics@21.0.6/javafx.stage.Window$SceneModel.invalidated(Window.java:867)
	at javafx.base@21.0.6/javafx.beans.property.ObjectPropertyBase.markInvalid(ObjectPropertyBase.java:112)
	at javafx.base@21.0.6/javafx.beans.property.ObjectPropertyBase.set(ObjectPropertyBase.java:147)
	at javafx.graphics@21.0.6/javafx.stage.Window.setScene(Window.java:823)
	at javafx.graphics@21.0.6/javafx.stage.Stage.setScene(Stage.java:270)
	at ca.senecacollege.malibuluminahotel/ca.senecacollege.malibuluminahotel.app.SceneNavigator.switchScene(SceneNavigator.java:28)
	at ca.senecacollege.malibuluminahotel/ca.senecacollege.malibuluminahotel.controller.AdminDashboardController.handleLoyaltyProgram(AdminDashboardController.java:99)
	at java.base/jdk.internal.reflect.DirectMethodHandleAccessor.invoke(DirectMethodHandleAccessor.java:104)
	at java.base/java.lang.reflect.Method.invoke(Method.java:565)
	at com.sun.javafx.reflect.Trampoline.invoke(MethodUtil.java:72)
	at java.base/jdk.internal.reflect.DirectMethodHandleAccessor.invoke(DirectMethodHandleAccessor.java:104)
	at java.base/java.lang.reflect.Method.invoke(Method.java:565)
	at javafx.base@21.0.6/com.sun.javafx.reflect.MethodUtil.invoke(MethodUtil.java:270)
	at javafx.fxml@21.0.6/com.sun.javafx.fxml.MethodHelper.invoke(MethodHelper.java:84)
	at javafx.fxml@21.0.6/javafx.fxml.FXMLLoader$MethodHandler.invoke(FXMLLoader.java:1853)
	at javafx.fxml@21.0.6/javafx.fxml.FXMLLoader$ControllerMethodEventHandler.handle(FXMLLoader.java:1726)
	at javafx.base@21.0.6/com.sun.javafx.event.CompositeEventHandler.dispatchBubblingEvent(CompositeEventHandler.java:86)
	at javafx.base@21.0.6/com.sun.javafx.event.EventHandlerManager.dispatchBubblingEvent(EventHandlerManager.java:232)
	at javafx.base@21.0.6/com.sun.javafx.event.EventHandlerManager.dispatchBubblingEvent(EventHandlerManager.java:189)
	at javafx.base@21.0.6/com.sun.javafx.event.CompositeEventDispatcher.dispatchBubblingEvent(CompositeEventDispatcher.java:59)
	at javafx.base@21.0.6/com.sun.javafx.event.BasicEventDispatcher.dispatchEvent(BasicEventDispatcher.java:58)
	at javafx.base@21.0.6/com.sun.javafx.event.EventDispatchChainImpl.dispatchEvent(EventDispatchChainImpl.java:114)
	at javafx.base@21.0.6/com.sun.javafx.event.BasicEventDispatcher.dispatchEvent(BasicEventDispatcher.java:56)
	at javafx.base@21.0.6/com.sun.javafx.event.EventDispatchChainImpl.dispatchEvent(EventDispatchChainImpl.java:114)
	at javafx.base@21.0.6/com.sun.javafx.event.BasicEventDispatcher.dispatchEvent(BasicEventDispatcher.java:56)
	at javafx.base@21.0.6/com.sun.javafx.event.EventDispatchChainImpl.dispatchEvent(EventDispatchChainImpl.java:114)
	at javafx.base@21.0.6/com.sun.javafx.event.EventUtil.fireEventImpl(EventUtil.java:74)
	at javafx.base@21.0.6/com.sun.javafx.event.EventUtil.fireEvent(EventUtil.java:49)
	at javafx.base@21.0.6/javafx.event.Event.fireEvent(Event.java:198)
	at javafx.graphics@21.0.6/javafx.scene.Node.fireEvent(Node.java:8875)
	at javafx.controls@21.0.6/javafx.scene.control.Button.fire(Button.java:203)
	at javafx.controls@21.0.6/com.sun.javafx.scene.control.behavior.ButtonBehavior.mouseReleased(ButtonBehavior.java:207)
	at javafx.controls@21.0.6/com.sun.javafx.scene.control.inputmap.InputMap.handle(InputMap.java:274)
	at javafx.base@21.0.6/com.sun.javafx.event.CompositeEventHandler$NormalEventHandlerRecord.handleBubblingEvent(CompositeEventHandler.java:247)
	at javafx.base@21.0.6/com.sun.javafx.event.CompositeEventHandler.dispatchBubblingEvent(CompositeEventHandler.java:80)
	at javafx.base@21.0.6/com.sun.javafx.event.EventHandlerManager.dispatchBubblingEvent(EventHandlerManager.java:232)
	at javafx.base@21.0.6/com.sun.javafx.event.EventHandlerManager.dispatchBubblingEvent(EventHandlerManager.java:189)
	at javafx.base@21.0.6/com.sun.javafx.event.CompositeEventDispatcher.dispatchBubblingEvent(CompositeEventDispatcher.java:59)
	at javafx.base@21.0.6/com.sun.javafx.event.BasicEventDispatcher.dispatchEvent(BasicEventDispatcher.java:58)
	at javafx.base@21.0.6/com.sun.javafx.event.EventDispatchChainImpl.dispatchEvent(EventDispatchChainImpl.java:114)
	at javafx.base@21.0.6/com.sun.javafx.event.BasicEventDispatcher.dispatchEvent(BasicEventDispatcher.java:56)
	at javafx.base@21.0.6/com.sun.javafx.event.EventDispatchChainImpl.dispatchEvent(EventDispatchChainImpl.java:114)
	at javafx.base@21.0.6/com.sun.javafx.event.BasicEventDispatcher.dispatchEvent(BasicEventDispatcher.java:56)
	at javafx.base@21.0.6/com.sun.javafx.event.EventDispatchChainImpl.dispatchEvent(EventDispatchChainImpl.java:114)
	at javafx.base@21.0.6/com.sun.javafx.event.EventUtil.fireEventImpl(EventUtil.java:74)
	at javafx.base@21.0.6/com.sun.javafx.event.EventUtil.fireEvent(EventUtil.java:54)
	at javafx.base@21.0.6/javafx.event.Event.fireEvent(Event.java:198)
	at javafx.graphics@21.0.6/javafx.scene.Scene$MouseHandler.process(Scene.java:3984)
	at javafx.graphics@21.0.6/javafx.scene.Scene.processMouseEvent(Scene.java:1890)
	at javafx.graphics@21.0.6/javafx.scene.Scene$ScenePeerListener.mouseEvent(Scene.java:2708)
	at javafx.graphics@21.0.6/com.sun.javafx.tk.quantum.GlassViewEventHandler$MouseEventNotification.run(GlassViewEventHandler.java:411)
	at javafx.graphics@21.0.6/com.sun.javafx.tk.quantum.GlassViewEventHandler$MouseEventNotification.run(GlassViewEventHandler.java:301)
	at java.base/java.security.AccessController.doPrivileged(AccessController.java:138)
	at javafx.graphics@21.0.6/com.sun.javafx.tk.quantum.GlassViewEventHandler.lambda$handleMouseEvent$2(GlassViewEventHandler.java:450)
	at javafx.graphics@21.0.6/com.sun.javafx.tk.quantum.QuantumToolkit.runWithoutRenderLock(QuantumToolkit.java:424)
	at javafx.graphics@21.0.6/com.sun.javafx.tk.quantum.GlassViewEventHandler.handleMouseEvent(GlassViewEventHandler.java:449)
	at javafx.graphics@21.0.6/com.sun.glass.ui.View.handleMouseEvent(View.java:551)
	at javafx.graphics@21.0.6/com.sun.glass.ui.View.notifyMouse(View.java:937)
	at javafx.graphics@21.0.6/com.sun.glass.ui.mac.MacView.notifyMouse(MacView.java:127)
Caused by: java.lang.IllegalAccessException: module javafx.base cannot access class ca.senecacollege.malibuluminahotel.controller.AdminLoyaltyController$LoyaltyAccountDisplay (in module ca.senecacollege.malibuluminahotel) because module ca.senecacollege.malibuluminahotel does not open ca.senecacollege.malibuluminahotel.controller to javafx.base
	at javafx.base@21.0.6/com.sun.javafx.property.MethodHelper.invoke(MethodHelper.java:70)
	at javafx.base@21.0.6/com.sun.javafx.property.PropertyReference.get(PropertyReference.java:171)
	... 120 more

Aug 06, 2026 11:03:39 A.M. javafx.scene.control.cell.PropertyValueFactory getCellDataReflectively
WARNING: Can not retrieve property 'points' in PropertyValueFactory: javafx.scene.control.cell.PropertyValueFactory@4b3609ce with provided class type: class ca.senecacollege.malibuluminahotel.controller.AdminLoyaltyController$LoyaltyAccountDisplay
java.lang.RuntimeException: java.lang.IllegalAccessException: module javafx.base cannot access class ca.senecacollege.malibuluminahotel.controller.AdminLoyaltyController$LoyaltyAccountDisplay (in module ca.senecacollege.malibuluminahotel) because module ca.senecacollege.malibuluminahotel does not open ca.senecacollege.malibuluminahotel.controller to javafx.base
	at javafx.base@21.0.6/com.sun.javafx.property.PropertyReference.get(PropertyReference.java:173)
	at javafx.controls@21.0.6/javafx.scene.control.cell.PropertyValueFactory.getCellDataReflectively(PropertyValueFactory.java:183)
	at javafx.controls@21.0.6/javafx.scene.control.cell.PropertyValueFactory.call(PropertyValueFactory.java:153)
	at javafx.controls@21.0.6/javafx.scene.control.cell.PropertyValueFactory.call(PropertyValueFactory.java:132)
	at javafx.controls@21.0.6/javafx.scene.control.TableColumn.getCellObservableValue(TableColumn.java:592)
	at javafx.controls@21.0.6/javafx.scene.control.TableColumn.getCellObservableValue(TableColumn.java:577)
	at javafx.controls@21.0.6/javafx.scene.control.TableCell.updateItem(TableCell.java:681)
	at javafx.controls@21.0.6/javafx.scene.control.TableCell.indexChanged(TableCell.java:485)
	at javafx.controls@21.0.6/javafx.scene.control.IndexedCell$1.invalidated(IndexedCell.java:85)
	at javafx.base@21.0.6/javafx.beans.property.IntegerPropertyBase.markInvalid(IntegerPropertyBase.java:113)
	at javafx.base@21.0.6/javafx.beans.property.IntegerPropertyBase.set(IntegerPropertyBase.java:148)
	at javafx.controls@21.0.6/javafx.scene.control.IndexedCell.updateIndex(IndexedCell.java:130)
	at javafx.controls@21.0.6/javafx.scene.control.skin.TableRowSkinBase.updateCells(TableRowSkinBase.java:525)
	at javafx.controls@21.0.6/javafx.scene.control.skin.TableRowSkinBase.<init>(TableRowSkinBase.java:155)
	at javafx.controls@21.0.6/javafx.scene.control.skin.TableRowSkin.<init>(TableRowSkin.java:81)
	at javafx.controls@21.0.6/javafx.scene.control.TableRow.createDefaultSkin(TableRow.java:213)
	at javafx.controls@21.0.6/javafx.scene.control.Control.doProcessCSS(Control.java:910)
	at javafx.controls@21.0.6/javafx.scene.control.Control$1.doProcessCSS(Control.java:88)
	at javafx.controls@21.0.6/com.sun.javafx.scene.control.ControlHelper.processCSSImpl(ControlHelper.java:68)
	at javafx.graphics@21.0.6/com.sun.javafx.scene.NodeHelper.processCSS(NodeHelper.java:147)
	at javafx.graphics@21.0.6/javafx.scene.Parent.doProcessCSS(Parent.java:1401)
	at javafx.graphics@21.0.6/javafx.scene.Parent$1.doProcessCSS(Parent.java:125)
	at javafx.graphics@21.0.6/com.sun.javafx.scene.ParentHelper.processCSSImpl(ParentHelper.java:98)
	at javafx.graphics@21.0.6/com.sun.javafx.scene.NodeHelper.processCSS(NodeHelper.java:147)
	at javafx.graphics@21.0.6/javafx.scene.Parent.doProcessCSS(Parent.java:1401)
	at javafx.graphics@21.0.6/javafx.scene.Parent$1.doProcessCSS(Parent.java:125)
	at javafx.graphics@21.0.6/com.sun.javafx.scene.ParentHelper.processCSSImpl(ParentHelper.java:98)
	at javafx.graphics@21.0.6/com.sun.javafx.scene.NodeHelper.processCSS(NodeHelper.java:147)
	at javafx.graphics@21.0.6/javafx.scene.Node.processCSS(Node.java:9555)
	at javafx.graphics@21.0.6/javafx.scene.Node.applyCss(Node.java:9642)
	at javafx.controls@21.0.6/javafx.scene.control.skin.VirtualFlow.setCellIndex(VirtualFlow.java:1820)
	at javafx.controls@21.0.6/javafx.scene.control.skin.VirtualFlow.getCell(VirtualFlow.java:1797)
	at javafx.controls@21.0.6/javafx.scene.control.skin.VirtualFlow.getOrCreateCellSize(VirtualFlow.java:3069)
	at javafx.controls@21.0.6/javafx.scene.control.skin.VirtualFlow.getOrCreateCellSize(VirtualFlow.java:3041)
	at javafx.controls@21.0.6/javafx.scene.control.skin.VirtualFlow$5.invalidated(VirtualFlow.java:865)
	at javafx.base@21.0.6/javafx.beans.property.IntegerPropertyBase.markInvalid(IntegerPropertyBase.java:113)
	at javafx.base@21.0.6/javafx.beans.property.IntegerPropertyBase.set(IntegerPropertyBase.java:148)
	at javafx.controls@21.0.6/javafx.scene.control.skin.VirtualFlow.setCellCount(VirtualFlow.java:912)
	at javafx.controls@21.0.6/javafx.scene.control.skin.TableViewSkinBase.updateItemCount(TableViewSkinBase.java:580)
	at javafx.controls@21.0.6/javafx.scene.control.skin.TableViewSkin.<init>(TableViewSkin.java:123)
	at javafx.controls@21.0.6/javafx.scene.control.TableView.createDefaultSkin(TableView.java:1671)
	at javafx.controls@21.0.6/javafx.scene.control.Control.doProcessCSS(Control.java:910)
	at javafx.controls@21.0.6/javafx.scene.control.Control$1.doProcessCSS(Control.java:88)
	at javafx.controls@21.0.6/com.sun.javafx.scene.control.ControlHelper.processCSSImpl(ControlHelper.java:68)
	at javafx.graphics@21.0.6/com.sun.javafx.scene.NodeHelper.processCSS(NodeHelper.java:147)
	at javafx.graphics@21.0.6/javafx.scene.Parent.doProcessCSS(Parent.java:1401)
	at javafx.graphics@21.0.6/javafx.scene.Parent$1.doProcessCSS(Parent.java:125)
	at javafx.graphics@21.0.6/com.sun.javafx.scene.ParentHelper.processCSSImpl(ParentHelper.java:98)
	at javafx.graphics@21.0.6/com.sun.javafx.scene.NodeHelper.processCSS(NodeHelper.java:147)
	at javafx.graphics@21.0.6/javafx.scene.Parent.doProcessCSS(Parent.java:1401)
	at javafx.graphics@21.0.6/javafx.scene.Parent$1.doProcessCSS(Parent.java:125)
	at javafx.graphics@21.0.6/com.sun.javafx.scene.ParentHelper.processCSSImpl(ParentHelper.java:98)
	at javafx.graphics@21.0.6/com.sun.javafx.scene.NodeHelper.processCSS(NodeHelper.java:147)
	at javafx.graphics@21.0.6/javafx.scene.Parent.doProcessCSS(Parent.java:1401)
	at javafx.graphics@21.0.6/javafx.scene.Parent$1.doProcessCSS(Parent.java:125)
	at javafx.graphics@21.0.6/com.sun.javafx.scene.ParentHelper.processCSSImpl(ParentHelper.java:98)
	at javafx.graphics@21.0.6/com.sun.javafx.scene.NodeHelper.processCSS(NodeHelper.java:147)
	at javafx.graphics@21.0.6/javafx.scene.Node.processCSS(Node.java:9555)
	at javafx.graphics@21.0.6/javafx.scene.Scene.doCSSPass(Scene.java:587)
	at javafx.graphics@21.0.6/javafx.scene.Scene.preferredSize(Scene.java:1786)
	at javafx.graphics@21.0.6/javafx.scene.Scene$2.preferredSize(Scene.java:411)
	at javafx.graphics@21.0.6/com.sun.javafx.scene.SceneHelper.preferredSize(SceneHelper.java:65)
	at javafx.graphics@21.0.6/javafx.stage.Window$SceneModel.invalidated(Window.java:867)
	at javafx.base@21.0.6/javafx.beans.property.ObjectPropertyBase.markInvalid(ObjectPropertyBase.java:112)
	at javafx.base@21.0.6/javafx.beans.property.ObjectPropertyBase.set(ObjectPropertyBase.java:147)
	at javafx.graphics@21.0.6/javafx.stage.Window.setScene(Window.java:823)
	at javafx.graphics@21.0.6/javafx.stage.Stage.setScene(Stage.java:270)
	at ca.senecacollege.malibuluminahotel/ca.senecacollege.malibuluminahotel.app.SceneNavigator.switchScene(SceneNavigator.java:28)
	at ca.senecacollege.malibuluminahotel/ca.senecacollege.malibuluminahotel.controller.AdminDashboardController.handleLoyaltyProgram(AdminDashboardController.java:99)
	at java.base/jdk.internal.reflect.DirectMethodHandleAccessor.invoke(DirectMethodHandleAccessor.java:104)
	at java.base/java.lang.reflect.Method.invoke(Method.java:565)
	at com.sun.javafx.reflect.Trampoline.invoke(MethodUtil.java:72)
	at java.base/jdk.internal.reflect.DirectMethodHandleAccessor.invoke(DirectMethodHandleAccessor.java:104)
	at java.base/java.lang.reflect.Method.invoke(Method.java:565)
	at javafx.base@21.0.6/com.sun.javafx.reflect.MethodUtil.invoke(MethodUtil.java:270)
	at javafx.fxml@21.0.6/com.sun.javafx.fxml.MethodHelper.invoke(MethodHelper.java:84)
	at javafx.fxml@21.0.6/javafx.fxml.FXMLLoader$MethodHandler.invoke(FXMLLoader.java:1853)
	at javafx.fxml@21.0.6/javafx.fxml.FXMLLoader$ControllerMethodEventHandler.handle(FXMLLoader.java:1726)
	at javafx.base@21.0.6/com.sun.javafx.event.CompositeEventHandler.dispatchBubblingEvent(CompositeEventHandler.java:86)
	at javafx.base@21.0.6/com.sun.javafx.event.EventHandlerManager.dispatchBubblingEvent(EventHandlerManager.java:232)
	at javafx.base@21.0.6/com.sun.javafx.event.EventHandlerManager.dispatchBubblingEvent(EventHandlerManager.java:189)
	at javafx.base@21.0.6/com.sun.javafx.event.CompositeEventDispatcher.dispatchBubblingEvent(CompositeEventDispatcher.java:59)
	at javafx.base@21.0.6/com.sun.javafx.event.BasicEventDispatcher.dispatchEvent(BasicEventDispatcher.java:58)
	at javafx.base@21.0.6/com.sun.javafx.event.EventDispatchChainImpl.dispatchEvent(EventDispatchChainImpl.java:114)
	at javafx.base@21.0.6/com.sun.javafx.event.BasicEventDispatcher.dispatchEvent(BasicEventDispatcher.java:56)
	at javafx.base@21.0.6/com.sun.javafx.event.EventDispatchChainImpl.dispatchEvent(EventDispatchChainImpl.java:114)
	at javafx.base@21.0.6/com.sun.javafx.event.BasicEventDispatcher.dispatchEvent(BasicEventDispatcher.java:56)
	at javafx.base@21.0.6/com.sun.javafx.event.EventDispatchChainImpl.dispatchEvent(EventDispatchChainImpl.java:114)
	at javafx.base@21.0.6/com.sun.javafx.event.EventUtil.fireEventImpl(EventUtil.java:74)
	at javafx.base@21.0.6/com.sun.javafx.event.EventUtil.fireEvent(EventUtil.java:49)
	at javafx.base@21.0.6/javafx.event.Event.fireEvent(Event.java:198)
	at javafx.graphics@21.0.6/javafx.scene.Node.fireEvent(Node.java:8875)
	at javafx.controls@21.0.6/javafx.scene.control.Button.fire(Button.java:203)
	at javafx.controls@21.0.6/com.sun.javafx.scene.control.behavior.ButtonBehavior.mouseReleased(ButtonBehavior.java:207)
	at javafx.controls@21.0.6/com.sun.javafx.scene.control.inputmap.InputMap.handle(InputMap.java:274)
	at javafx.base@21.0.6/com.sun.javafx.event.CompositeEventHandler$NormalEventHandlerRecord.handleBubblingEvent(CompositeEventHandler.java:247)
	at javafx.base@21.0.6/com.sun.javafx.event.CompositeEventHandler.dispatchBubblingEvent(CompositeEventHandler.java:80)
	at javafx.base@21.0.6/com.sun.javafx.event.EventHandlerManager.dispatchBubblingEvent(EventHandlerManager.java:232)
	at javafx.base@21.0.6/com.sun.javafx.event.EventHandlerManager.dispatchBubblingEvent(EventHandlerManager.java:189)
	at javafx.base@21.0.6/com.sun.javafx.event.CompositeEventDispatcher.dispatchBubblingEvent(CompositeEventDispatcher.java:59)
	at javafx.base@21.0.6/com.sun.javafx.event.BasicEventDispatcher.dispatchEvent(BasicEventDispatcher.java:58)
	at javafx.base@21.0.6/com.sun.javafx.event.EventDispatchChainImpl.dispatchEvent(EventDispatchChainImpl.java:114)
	at javafx.base@21.0.6/com.sun.javafx.event.BasicEventDispatcher.dispatchEvent(BasicEventDispatcher.java:56)
	at javafx.base@21.0.6/com.sun.javafx.event.EventDispatchChainImpl.dispatchEvent(EventDispatchChainImpl.java:114)
	at javafx.base@21.0.6/com.sun.javafx.event.BasicEventDispatcher.dispatchEvent(BasicEventDispatcher.java:56)
	at javafx.base@21.0.6/com.sun.javafx.event.EventDispatchChainImpl.dispatchEvent(EventDispatchChainImpl.java:114)
	at javafx.base@21.0.6/com.sun.javafx.event.EventUtil.fireEventImpl(EventUtil.java:74)
	at javafx.base@21.0.6/com.sun.javafx.event.EventUtil.fireEvent(EventUtil.java:54)
	at javafx.base@21.0.6/javafx.event.Event.fireEvent(Event.java:198)
	at javafx.graphics@21.0.6/javafx.scene.Scene$MouseHandler.process(Scene.java:3984)
	at javafx.graphics@21.0.6/javafx.scene.Scene.processMouseEvent(Scene.java:1890)
	at javafx.graphics@21.0.6/javafx.scene.Scene$ScenePeerListener.mouseEvent(Scene.java:2708)
	at javafx.graphics@21.0.6/com.sun.javafx.tk.quantum.GlassViewEventHandler$MouseEventNotification.run(GlassViewEventHandler.java:411)
	at javafx.graphics@21.0.6/com.sun.javafx.tk.quantum.GlassViewEventHandler$MouseEventNotification.run(GlassViewEventHandler.java:301)
	at java.base/java.security.AccessController.doPrivileged(AccessController.java:138)
	at javafx.graphics@21.0.6/com.sun.javafx.tk.quantum.GlassViewEventHandler.lambda$handleMouseEvent$2(GlassViewEventHandler.java:450)
	at javafx.graphics@21.0.6/com.sun.javafx.tk.quantum.QuantumToolkit.runWithoutRenderLock(QuantumToolkit.java:424)
	at javafx.graphics@21.0.6/com.sun.javafx.tk.quantum.GlassViewEventHandler.handleMouseEvent(GlassViewEventHandler.java:449)
	at javafx.graphics@21.0.6/com.sun.glass.ui.View.handleMouseEvent(View.java:551)
	at javafx.graphics@21.0.6/com.sun.glass.ui.View.notifyMouse(View.java:937)
	at javafx.graphics@21.0.6/com.sun.glass.ui.mac.MacView.notifyMouse(MacView.java:127)
Caused by: java.lang.IllegalAccessException: module javafx.base cannot access class ca.senecacollege.malibuluminahotel.controller.AdminLoyaltyController$LoyaltyAccountDisplay (in module ca.senecacollege.malibuluminahotel) because module ca.senecacollege.malibuluminahotel does not open ca.senecacollege.malibuluminahotel.controller to javafx.base
	at javafx.base@21.0.6/com.sun.javafx.property.MethodHelper.invoke(MethodHelper.java:70)
	at javafx.base@21.0.6/com.sun.javafx.property.PropertyReference.get(PropertyReference.java:171)
	... 120 more

Aug 06, 2026 11:03:39 A.M. javafx.scene.control.cell.PropertyValueFactory getCellDataReflectively
WARNING: Can not retrieve property 'value' in PropertyValueFactory: javafx.scene.control.cell.PropertyValueFactory@5209e60e with provided class type: class ca.senecacollege.malibuluminahotel.controller.AdminLoyaltyController$LoyaltyAccountDisplay
java.lang.RuntimeException: java.lang.IllegalAccessException: module javafx.base cannot access class ca.senecacollege.malibuluminahotel.controller.AdminLoyaltyController$LoyaltyAccountDisplay (in module ca.senecacollege.malibuluminahotel) because module ca.senecacollege.malibuluminahotel does not open ca.senecacollege.malibuluminahotel.controller to javafx.base
	at javafx.base@21.0.6/com.sun.javafx.property.PropertyReference.get(PropertyReference.java:173)
	at javafx.controls@21.0.6/javafx.scene.control.cell.PropertyValueFactory.getCellDataReflectively(PropertyValueFactory.java:183)
	at javafx.controls@21.0.6/javafx.scene.control.cell.PropertyValueFactory.call(PropertyValueFactory.java:153)
	at javafx.controls@21.0.6/javafx.scene.control.cell.PropertyValueFactory.call(PropertyValueFactory.java:132)
	at javafx.controls@21.0.6/javafx.scene.control.TableColumn.getCellObservableValue(TableColumn.java:592)
	at javafx.controls@21.0.6/javafx.scene.control.TableColumn.getCellObservableValue(TableColumn.java:577)
	at javafx.controls@21.0.6/javafx.scene.control.TableCell.updateItem(TableCell.java:681)
	at javafx.controls@21.0.6/javafx.scene.control.TableCell.indexChanged(TableCell.java:485)
	at javafx.controls@21.0.6/javafx.scene.control.IndexedCell$1.invalidated(IndexedCell.java:85)
	at javafx.base@21.0.6/javafx.beans.property.IntegerPropertyBase.markInvalid(IntegerPropertyBase.java:113)
	at javafx.base@21.0.6/javafx.beans.property.IntegerPropertyBase.set(IntegerPropertyBase.java:148)
	at javafx.controls@21.0.6/javafx.scene.control.IndexedCell.updateIndex(IndexedCell.java:130)
	at javafx.controls@21.0.6/javafx.scene.control.skin.TableRowSkinBase.updateCells(TableRowSkinBase.java:525)
	at javafx.controls@21.0.6/javafx.scene.control.skin.TableRowSkinBase.<init>(TableRowSkinBase.java:155)
	at javafx.controls@21.0.6/javafx.scene.control.skin.TableRowSkin.<init>(TableRowSkin.java:81)
	at javafx.controls@21.0.6/javafx.scene.control.TableRow.createDefaultSkin(TableRow.java:213)
	at javafx.controls@21.0.6/javafx.scene.control.Control.doProcessCSS(Control.java:910)
	at javafx.controls@21.0.6/javafx.scene.control.Control$1.doProcessCSS(Control.java:88)
	at javafx.controls@21.0.6/com.sun.javafx.scene.control.ControlHelper.processCSSImpl(ControlHelper.java:68)
	at javafx.graphics@21.0.6/com.sun.javafx.scene.NodeHelper.processCSS(NodeHelper.java:147)
	at javafx.graphics@21.0.6/javafx.scene.Parent.doProcessCSS(Parent.java:1401)
	at javafx.graphics@21.0.6/javafx.scene.Parent$1.doProcessCSS(Parent.java:125)
	at javafx.graphics@21.0.6/com.sun.javafx.scene.ParentHelper.processCSSImpl(ParentHelper.java:98)
	at javafx.graphics@21.0.6/com.sun.javafx.scene.NodeHelper.processCSS(NodeHelper.java:147)
	at javafx.graphics@21.0.6/javafx.scene.Parent.doProcessCSS(Parent.java:1401)
	at javafx.graphics@21.0.6/javafx.scene.Parent$1.doProcessCSS(Parent.java:125)
	at javafx.graphics@21.0.6/com.sun.javafx.scene.ParentHelper.processCSSImpl(ParentHelper.java:98)
	at javafx.graphics@21.0.6/com.sun.javafx.scene.NodeHelper.processCSS(NodeHelper.java:147)
	at javafx.graphics@21.0.6/javafx.scene.Node.processCSS(Node.java:9555)
	at javafx.graphics@21.0.6/javafx.scene.Node.applyCss(Node.java:9642)
	at javafx.controls@21.0.6/javafx.scene.control.skin.VirtualFlow.setCellIndex(VirtualFlow.java:1820)
	at javafx.controls@21.0.6/javafx.scene.control.skin.VirtualFlow.getCell(VirtualFlow.java:1797)
	at javafx.controls@21.0.6/javafx.scene.control.skin.VirtualFlow.getOrCreateCellSize(VirtualFlow.java:3069)
	at javafx.controls@21.0.6/javafx.scene.control.skin.VirtualFlow.getOrCreateCellSize(VirtualFlow.java:3041)
	at javafx.controls@21.0.6/javafx.scene.control.skin.VirtualFlow$5.invalidated(VirtualFlow.java:865)
	at javafx.base@21.0.6/javafx.beans.property.IntegerPropertyBase.markInvalid(IntegerPropertyBase.java:113)
	at javafx.base@21.0.6/javafx.beans.property.IntegerPropertyBase.set(IntegerPropertyBase.java:148)
	at javafx.controls@21.0.6/javafx.scene.control.skin.VirtualFlow.setCellCount(VirtualFlow.java:912)
	at javafx.controls@21.0.6/javafx.scene.control.skin.TableViewSkinBase.updateItemCount(TableViewSkinBase.java:580)
	at javafx.controls@21.0.6/javafx.scene.control.skin.TableViewSkin.<init>(TableViewSkin.java:123)
	at javafx.controls@21.0.6/javafx.scene.control.TableView.createDefaultSkin(TableView.java:1671)
	at javafx.controls@21.0.6/javafx.scene.control.Control.doProcessCSS(Control.java:910)
	at javafx.controls@21.0.6/javafx.scene.control.Control$1.doProcessCSS(Control.java:88)
	at javafx.controls@21.0.6/com.sun.javafx.scene.control.ControlHelper.processCSSImpl(ControlHelper.java:68)
	at javafx.graphics@21.0.6/com.sun.javafx.scene.NodeHelper.processCSS(NodeHelper.java:147)
	at javafx.graphics@21.0.6/javafx.scene.Parent.doProcessCSS(Parent.java:1401)
	at javafx.graphics@21.0.6/javafx.scene.Parent$1.doProcessCSS(Parent.java:125)
	at javafx.graphics@21.0.6/com.sun.javafx.scene.ParentHelper.processCSSImpl(ParentHelper.java:98)
	at javafx.graphics@21.0.6/com.sun.javafx.scene.NodeHelper.processCSS(NodeHelper.java:147)
	at javafx.graphics@21.0.6/javafx.scene.Parent.doProcessCSS(Parent.java:1401)
	at javafx.graphics@21.0.6/javafx.scene.Parent$1.doProcessCSS(Parent.java:125)
	at javafx.graphics@21.0.6/com.sun.javafx.scene.ParentHelper.processCSSImpl(ParentHelper.java:98)
	at javafx.graphics@21.0.6/com.sun.javafx.scene.NodeHelper.processCSS(NodeHelper.java:147)
	at javafx.graphics@21.0.6/javafx.scene.Parent.doProcessCSS(Parent.java:1401)
	at javafx.graphics@21.0.6/javafx.scene.Parent$1.doProcessCSS(Parent.java:125)
	at javafx.graphics@21.0.6/com.sun.javafx.scene.ParentHelper.processCSSImpl(ParentHelper.java:98)
	at javafx.graphics@21.0.6/com.sun.javafx.scene.NodeHelper.processCSS(NodeHelper.java:147)
	at javafx.graphics@21.0.6/javafx.scene.Node.processCSS(Node.java:9555)
	at javafx.graphics@21.0.6/javafx.scene.Scene.doCSSPass(Scene.java:587)
	at javafx.graphics@21.0.6/javafx.scene.Scene.preferredSize(Scene.java:1786)
	at javafx.graphics@21.0.6/javafx.scene.Scene$2.preferredSize(Scene.java:411)
	at javafx.graphics@21.0.6/com.sun.javafx.scene.SceneHelper.preferredSize(SceneHelper.java:65)
	at javafx.graphics@21.0.6/javafx.stage.Window$SceneModel.invalidated(Window.java:867)
	at javafx.base@21.0.6/javafx.beans.property.ObjectPropertyBase.markInvalid(ObjectPropertyBase.java:112)
	at javafx.base@21.0.6/javafx.beans.property.ObjectPropertyBase.set(ObjectPropertyBase.java:147)
	at javafx.graphics@21.0.6/javafx.stage.Window.setScene(Window.java:823)
	at javafx.graphics@21.0.6/javafx.stage.Stage.setScene(Stage.java:270)
	at ca.senecacollege.malibuluminahotel/ca.senecacollege.malibuluminahotel.app.SceneNavigator.switchScene(SceneNavigator.java:28)
	at ca.senecacollege.malibuluminahotel/ca.senecacollege.malibuluminahotel.controller.AdminDashboardController.handleLoyaltyProgram(AdminDashboardController.java:99)
	at java.base/jdk.internal.reflect.DirectMethodHandleAccessor.invoke(DirectMethodHandleAccessor.java:104)
	at java.base/java.lang.reflect.Method.invoke(Method.java:565)
	at com.sun.javafx.reflect.Trampoline.invoke(MethodUtil.java:72)
	at java.base/jdk.internal.reflect.DirectMethodHandleAccessor.invoke(DirectMethodHandleAccessor.java:104)
	at java.base/java.lang.reflect.Method.invoke(Method.java:565)
	at javafx.base@21.0.6/com.sun.javafx.reflect.MethodUtil.invoke(MethodUtil.java:270)
	at javafx.fxml@21.0.6/com.sun.javafx.fxml.MethodHelper.invoke(MethodHelper.java:84)
	at javafx.fxml@21.0.6/javafx.fxml.FXMLLoader$MethodHandler.invoke(FXMLLoader.java:1853)
	at javafx.fxml@21.0.6/javafx.fxml.FXMLLoader$ControllerMethodEventHandler.handle(FXMLLoader.java:1726)
	at javafx.base@21.0.6/com.sun.javafx.event.CompositeEventHandler.dispatchBubblingEvent(CompositeEventHandler.java:86)
	at javafx.base@21.0.6/com.sun.javafx.event.EventHandlerManager.dispatchBubblingEvent(EventHandlerManager.java:232)
	at javafx.base@21.0.6/com.sun.javafx.event.EventHandlerManager.dispatchBubblingEvent(EventHandlerManager.java:189)
	at javafx.base@21.0.6/com.sun.javafx.event.CompositeEventDispatcher.dispatchBubblingEvent(CompositeEventDispatcher.java:59)
	at javafx.base@21.0.6/com.sun.javafx.event.BasicEventDispatcher.dispatchEvent(BasicEventDispatcher.java:58)
	at javafx.base@21.0.6/com.sun.javafx.event.EventDispatchChainImpl.dispatchEvent(EventDispatchChainImpl.java:114)
	at javafx.base@21.0.6/com.sun.javafx.event.BasicEventDispatcher.dispatchEvent(BasicEventDispatcher.java:56)
	at javafx.base@21.0.6/com.sun.javafx.event.EventDispatchChainImpl.dispatchEvent(EventDispatchChainImpl.java:114)
	at javafx.base@21.0.6/com.sun.javafx.event.BasicEventDispatcher.dispatchEvent(BasicEventDispatcher.java:56)
	at javafx.base@21.0.6/com.sun.javafx.event.EventDispatchChainImpl.dispatchEvent(EventDispatchChainImpl.java:114)
	at javafx.base@21.0.6/com.sun.javafx.event.EventUtil.fireEventImpl(EventUtil.java:74)
	at javafx.base@21.0.6/com.sun.javafx.event.EventUtil.fireEvent(EventUtil.java:49)
	at javafx.base@21.0.6/javafx.event.Event.fireEvent(Event.java:198)
	at javafx.graphics@21.0.6/javafx.scene.Node.fireEvent(Node.java:8875)
	at javafx.controls@21.0.6/javafx.scene.control.Button.fire(Button.java:203)
	at javafx.controls@21.0.6/com.sun.javafx.scene.control.behavior.ButtonBehavior.mouseReleased(ButtonBehavior.java:207)
	at javafx.controls@21.0.6/com.sun.javafx.scene.control.inputmap.InputMap.handle(InputMap.java:274)
	at javafx.base@21.0.6/com.sun.javafx.event.CompositeEventHandler$NormalEventHandlerRecord.handleBubblingEvent(CompositeEventHandler.java:247)
	at javafx.base@21.0.6/com.sun.javafx.event.CompositeEventHandler.dispatchBubblingEvent(CompositeEventHandler.java:80)
	at javafx.base@21.0.6/com.sun.javafx.event.EventHandlerManager.dispatchBubblingEvent(EventHandlerManager.java:232)
	at javafx.base@21.0.6/com.sun.javafx.event.EventHandlerManager.dispatchBubblingEvent(EventHandlerManager.java:189)
	at javafx.base@21.0.6/com.sun.javafx.event.CompositeEventDispatcher.dispatchBubblingEvent(CompositeEventDispatcher.java:59)
	at javafx.base@21.0.6/com.sun.javafx.event.BasicEventDispatcher.dispatchEvent(BasicEventDispatcher.java:58)
	at javafx.base@21.0.6/com.sun.javafx.event.EventDispatchChainImpl.dispatchEvent(EventDispatchChainImpl.java:114)
	at javafx.base@21.0.6/com.sun.javafx.event.BasicEventDispatcher.dispatchEvent(BasicEventDispatcher.java:56)
	at javafx.base@21.0.6/com.sun.javafx.event.EventDispatchChainImpl.dispatchEvent(EventDispatchChainImpl.java:114)
	at javafx.base@21.0.6/com.sun.javafx.event.BasicEventDispatcher.dispatchEvent(BasicEventDispatcher.java:56)
	at javafx.base@21.0.6/com.sun.javafx.event.EventDispatchChainImpl.dispatchEvent(EventDispatchChainImpl.java:114)
	at javafx.base@21.0.6/com.sun.javafx.event.EventUtil.fireEventImpl(EventUtil.java:74)
	at javafx.base@21.0.6/com.sun.javafx.event.EventUtil.fireEvent(EventUtil.java:54)
	at javafx.base@21.0.6/javafx.event.Event.fireEvent(Event.java:198)
	at javafx.graphics@21.0.6/javafx.scene.Scene$MouseHandler.process(Scene.java:3984)
	at javafx.graphics@21.0.6/javafx.scene.Scene.processMouseEvent(Scene.java:1890)
	at javafx.graphics@21.0.6/javafx.scene.Scene$ScenePeerListener.mouseEvent(Scene.java:2708)
	at javafx.graphics@21.0.6/com.sun.javafx.tk.quantum.GlassViewEventHandler$MouseEventNotification.run(GlassViewEventHandler.java:411)
	at javafx.graphics@21.0.6/com.sun.javafx.tk.quantum.GlassViewEventHandler$MouseEventNotification.run(GlassViewEventHandler.java:301)
	at java.base/java.security.AccessController.doPrivileged(AccessController.java:138)
	at javafx.graphics@21.0.6/com.sun.javafx.tk.quantum.GlassViewEventHandler.lambda$handleMouseEvent$2(GlassViewEventHandler.java:450)
	at javafx.graphics@21.0.6/com.sun.javafx.tk.quantum.QuantumToolkit.runWithoutRenderLock(QuantumToolkit.java:424)
	at javafx.graphics@21.0.6/com.sun.javafx.tk.quantum.GlassViewEventHandler.handleMouseEvent(GlassViewEventHandler.java:449)
	at javafx.graphics@21.0.6/com.sun.glass.ui.View.handleMouseEvent(View.java:551)
	at javafx.graphics@21.0.6/com.sun.glass.ui.View.notifyMouse(View.java:937)
	at javafx.graphics@21.0.6/com.sun.glass.ui.mac.MacView.notifyMouse(MacView.java:127)
Caused by: java.lang.IllegalAccessException: module javafx.base cannot access class ca.senecacollege.malibuluminahotel.controller.AdminLoyaltyController$LoyaltyAccountDisplay (in module ca.senecacollege.malibuluminahotel) because module ca.senecacollege.malibuluminahotel does not open ca.senecacollege.malibuluminahotel.controller to javafx.base
	at javafx.base@21.0.6/com.sun.javafx.property.MethodHelper.invoke(MethodHelper.java:70)
	at javafx.base@21.0.6/com.sun.javafx.property.PropertyReference.get(PropertyReference.java:171)
	... 120 more

Aug 06, 2026 11:25:27 A.M. ca.senecacollege.malibuluminahotel.util.LoggerConfig configure
INFO: File logging configured: system_logs.%g.log
Aug 06, 2026 11:29:33 A.M. ca.senecacollege.malibuluminahotel.util.LoggerConfig configure
INFO: File logging configured: system_logs.%g.log
Aug 06, 2026 11:32:07 A.M. ca.senecacollege.malibuluminahotel.util.LoggerConfig configure
INFO: File logging configured: system_logs.%g.log
